---
source: src/tests/e2e/cases.rs
expression: last_snapshot

---
 Zellij  Tab #1                                                                                                       
─ Pane #1 ──────────────────────────────────────────────────────────────────────────────────────────────────────────────
$ nabc█                                                                                                                 
                                                                                                                        
                                                                                                                        
                                                                                                                        
                                                                                                                        
                                                                                                                        
                                                                                                                        
                                                                                                                        
                                                                                                                        
                                                                                                                        
                                                                                                                        
                                                                                                                        
                                                                                                                        
                                                                                                                        
                                                                                                                        
                                                                                                                        
                                                                                                                        
                                                                                                                        
                                                                                                                        
                                                                                                                        
 Ctrl + <g> LOCK  <p> PANE  <t> TAB  <r> RESIZE  <s> SCROLL  <o> SESSION  <q> QUIT                       
 -- INTERFACE LOCKED --                                                                                                 
